=== clean ladder f80f69fe02612fa789d1b4df21606d2ff79aac50  2026-09-17T21:42:26Z
available 609.1 GB  reserve 91.4 GB (15% of available)
Preparing worktree (detached HEAD f80f69fe)
HEAD is now at f80f69fe fix(storage): route node-keyed families with node-only splitters, remove per-partition spill buffers (#1439) (#1440)
=== build 2026-09-17T21:42:27Z
CARGO_TARGET_DIR="/home/ubuntu/gf-ladder-target-f80f69fe02612fa789d1b4df21606d2ff79aac50" cargo build --locked --release --manifest-path ../Cargo.toml -p graphforge-cli
warning: /home/ubuntu/gf-ladder-src-f80f69fe02612fa789d1b4df21606d2ff79aac50/crates/graphforge-value/Cargo.toml: only one of `license` or `license-file` is necessary
`license` should be used if the package license can be expressed with a standard SPDX expression.
`license-file` should be used if the package uses a non-standard license.
See https://doc.rust-lang.org/cargo/reference/manifest.html#the-license-and-license-file-fields for more information.
warning: /home/ubuntu/gf-ladder-src-f80f69fe02612fa789d1b4df21606d2ff79aac50/crates/graphforge-portable-oci/Cargo.toml: only one of `license` or `license-file` is necessary
`license` should be used if the package license can be expressed with a standard SPDX expression.
`license-file` should be used if the package uses a non-standard license.
See https://doc.rust-lang.org/cargo/reference/manifest.html#the-license-and-license-file-fields for more information.
warning: /home/ubuntu/gf-ladder-src-f80f69fe02612fa789d1b4df21606d2ff79aac50/crates/graphforge-api/Cargo.toml: only one of `license` or `license-file` is necessary
`license` should be used if the package license can be expressed with a standard SPDX expression.
`license-file` should be used if the package uses a non-standard license.
See https://doc.rust-lang.org/cargo/reference/manifest.html#the-license-and-license-file-fields for more information.
warning: /home/ubuntu/gf-ladder-src-f80f69fe02612fa789d1b4df21606d2ff79aac50/crates/graphforge-search/Cargo.toml: only one of `license` or `license-file` is necessary
`license` should be used if the package license can be expressed with a standard SPDX expression.
`license-file` should be used if the package uses a non-standard license.
See https://doc.rust-lang.org/cargo/reference/manifest.html#the-license-and-license-file-fields for more information.
warning: /home/ubuntu/gf-ladder-src-f80f69fe02612fa789d1b4df21606d2ff79aac50/crates/graphforge-knowledge/Cargo.toml: only one of `license` or `license-file` is necessary
`license` should be used if the package license can be expressed with a standard SPDX expression.
`license-file` should be used if the package uses a non-standard license.
See https://doc.rust-lang.org/cargo/reference/manifest.html#the-license-and-license-file-fields for more information.
warning: /home/ubuntu/gf-ladder-src-f80f69fe02612fa789d1b4df21606d2ff79aac50/crates/graphforge-cli/Cargo.toml: only one of `license` or `license-file` is necessary
`license` should be used if the package license can be expressed with a standard SPDX expression.
`license-file` should be used if the package uses a non-standard license.
See https://doc.rust-lang.org/cargo/reference/manifest.html#the-license-and-license-file-fields for more information.
warning: /home/ubuntu/gf-ladder-src-f80f69fe02612fa789d1b4df21606d2ff79aac50/crates/graphforge-observability/Cargo.toml: only one of `license` or `license-file` is necessary
`license` should be used if the package license can be expressed with a standard SPDX expression.
`license-file` should be used if the package uses a non-standard license.
See https://doc.rust-lang.org/cargo/reference/manifest.html#the-license-and-license-file-fields for more information.
warning: /home/ubuntu/gf-ladder-src-f80f69fe02612fa789d1b4df21606d2ff79aac50/crates/graphforge-bindings-node/Cargo.toml: only one of `license` or `license-file` is necessary
`license` should be used if the package license can be expressed with a standard SPDX expression.
`license-file` should be used if the package uses a non-standard license.
See https://doc.rust-lang.org/cargo/reference/manifest.html#the-license-and-license-file-fields for more information.
warning: /home/ubuntu/gf-ladder-src-f80f69fe02612fa789d1b4df21606d2ff79aac50/crates/graphforge-cypher/Cargo.toml: only one of `license` or `license-file` is necessary
`license` should be used if the package license can be expressed with a standard SPDX expression.
`license-file` should be used if the package uses a non-standard license.
See https://doc.rust-lang.org/cargo/reference/manifest.html#the-license-and-license-file-fields for more information.
warning: /home/ubuntu/gf-ladder-src-f80f69fe02612fa789d1b4df21606d2ff79aac50/crates/graphforge-core/Cargo.toml: only one of `license` or `license-file` is necessary
`license` should be used if the package license can be expressed with a standard SPDX expression.
`license-file` should be used if the package uses a non-standard license.
See https://doc.rust-lang.org/cargo/reference/manifest.html#the-license-and-license-file-fields for more information.
warning: /home/ubuntu/gf-ladder-src-f80f69fe02612fa789d1b4df21606d2ff79aac50/crates/graphforge-filesystem/Cargo.toml: only one of `license` or `license-file` is necessary
`license` should be used if the package license can be expressed with a standard SPDX expression.
`license-file` should be used if the package uses a non-standard license.
See https://doc.rust-lang.org/cargo/reference/manifest.html#the-license-and-license-file-fields for more information.
warning: /home/ubuntu/gf-ladder-src-f80f69fe02612fa789d1b4df21606d2ff79aac50/crates/graphforge-exec/Cargo.toml: only one of `license` or `license-file` is necessary
`license` should be used if the package license can be expressed with a standard SPDX expression.
`license-file` should be used if the package uses a non-standard license.
See https://doc.rust-lang.org/cargo/reference/manifest.html#the-license-and-license-file-fields for more information.
warning: /home/ubuntu/gf-ladder-src-f80f69fe02612fa789d1b4df21606d2ff79aac50/crates/graphforge-discovery/Cargo.toml: only one of `license` or `license-file` is necessary
`license` should be used if the package license can be expressed with a standard SPDX expression.
`license-file` should be used if the package uses a non-standard license.
See https://doc.rust-lang.org/cargo/reference/manifest.html#the-license-and-license-file-fields for more information.
warning: /home/ubuntu/gf-ladder-src-f80f69fe02612fa789d1b4df21606d2ff79aac50/crates/graphforge-ontology/Cargo.toml: only one of `license` or `license-file` is necessary
`license` should be used if the package license can be expressed with a standard SPDX expression.
`license-file` should be used if the package uses a non-standard license.
See https://doc.rust-lang.org/cargo/reference/manifest.html#the-license-and-license-file-fields for more information.
warning: /home/ubuntu/gf-ladder-src-f80f69fe02612fa789d1b4df21606d2ff79aac50/crates/graphforge-bindings-py/Cargo.toml: only one of `license` or `license-file` is necessary
`license` should be used if the package license can be expressed with a standard SPDX expression.
`license-file` should be used if the package uses a non-standard license.
See https://doc.rust-lang.org/cargo/reference/manifest.html#the-license-and-license-file-fields for more information.
warning: /home/ubuntu/gf-ladder-src-f80f69fe02612fa789d1b4df21606d2ff79aac50/crates/graphforge-storage/Cargo.toml: only one of `license` or `license-file` is necessary
`license` should be used if the package license can be expressed with a standard SPDX expression.
`license-file` should be used if the package uses a non-standard license.
See https://doc.rust-lang.org/cargo/reference/manifest.html#the-license-and-license-file-fields for more information.
warning: /home/ubuntu/gf-ladder-src-f80f69fe02612fa789d1b4df21606d2ff79aac50/crates/graphforge-rel/Cargo.toml: only one of `license` or `license-file` is necessary
`license` should be used if the package license can be expressed with a standard SPDX expression.
`license-file` should be used if the package uses a non-standard license.
See https://doc.rust-lang.org/cargo/reference/manifest.html#the-license-and-license-file-fields for more information.
warning: /home/ubuntu/gf-ladder-src-f80f69fe02612fa789d1b4df21606d2ff79aac50/crates/graphforge-ast/Cargo.toml: only one of `license` or `license-file` is necessary
`license` should be used if the package license can be expressed with a standard SPDX expression.
`license-file` should be used if the package uses a non-standard license.
See https://doc.rust-lang.org/cargo/reference/manifest.html#the-license-and-license-file-fields for more information.
warning: /home/ubuntu/gf-ladder-src-f80f69fe02612fa789d1b4df21606d2ff79aac50/crates/graphforge-ir/Cargo.toml: only one of `license` or `license-file` is necessary
`license` should be used if the package license can be expressed with a standard SPDX expression.
`license-file` should be used if the package uses a non-standard license.
See https://doc.rust-lang.org/cargo/reference/manifest.html#the-license-and-license-file-fields for more information.
warning: /home/ubuntu/gf-ladder-src-f80f69fe02612fa789d1b4df21606d2ff79aac50/crates/graphforge-plan/Cargo.toml: only one of `license` or `license-file` is necessary
`license` should be used if the package license can be expressed with a standard SPDX expression.
`license-file` should be used if the package uses a non-standard license.
See https://doc.rust-lang.org/cargo/reference/manifest.html#the-license-and-license-file-fields for more information.
warning: /home/ubuntu/gf-ladder-src-f80f69fe02612fa789d1b4df21606d2ff79aac50/crates/graphforge-provenance/Cargo.toml: only one of `license` or `license-file` is necessary
`license` should be used if the package license can be expressed with a standard SPDX expression.
`license-file` should be used if the package uses a non-standard license.
See https://doc.rust-lang.org/cargo/reference/manifest.html#the-license-and-license-file-fields for more information.
warning: /home/ubuntu/gf-ladder-src-f80f69fe02612fa789d1b4df21606d2ff79aac50/crates/graphforge-io/Cargo.toml: only one of `license` or `license-file` is necessary
`license` should be used if the package license can be expressed with a standard SPDX expression.
`license-file` should be used if the package uses a non-standard license.
See https://doc.rust-lang.org/cargo/reference/manifest.html#the-license-and-license-file-fields for more information.
   Compiling proc-macro2 v1.0.106
   Compiling unicode-ident v1.0.24
   Compiling quote v1.0.45
   Compiling libc v0.2.189
   Compiling cfg-if v1.0.4
   Compiling serde_core v1.0.229
   Compiling find-msvc-tools v0.1.9
   Compiling syn v2.0.117
   Compiling jobserver v0.1.34
   Compiling shlex v2.0.1
   Compiling cc v1.2.63
   Compiling memchr v2.8.0
   Compiling autocfg v1.5.1
   Compiling syn v3.0.2
   Compiling libm v0.2.16
   Compiling num-traits v0.2.19
   Compiling itoa v1.0.18
   Compiling once_cell v1.21.4
   Compiling bytes v1.12.1
   Compiling equivalent v1.0.2
   Compiling allocator-api2 v0.2.21
   Compiling foldhash v0.2.0
   Compiling version_check v0.9.5
   Compiling zmij v1.0.21
   Compiling serde_json v1.0.151
   Compiling stable_deref_trait v1.2.1
   Compiling zerocopy v0.8.50
   Compiling serde v1.0.229
   Compiling zerocopy-derive v0.8.50
   Compiling hashbrown v0.17.1
   Compiling serde_derive v1.0.229
   Compiling synstructure v0.13.2
   Compiling pkg-config v0.3.33
   Compiling getrandom v0.3.4
   Compiling zerofrom-derive v0.1.7
   Compiling num-integer v0.1.46
   Compiling zerofrom v0.1.8
   Compiling num-bigint v0.4.6
   Compiling yoke-derive v0.8.2
   Compiling iana-time-zone v0.1.65
   Compiling smallvec v1.15.1
   Compiling siphasher v1.0.3
   Compiling yoke v0.8.2
   Compiling phf_shared v0.12.1
   Compiling chrono v0.4.45
   Compiling ahash v0.8.12
   Compiling chrono-tz v0.10.4
   Compiling phf v0.12.1
   Compiling zstd-sys v2.1.0+zstd.1.5.7
   Compiling half v2.7.1
   Compiling arrow-schema v58.4.0
   Compiling arrow-buffer v58.4.0
   Compiling zerovec-derive v0.11.3
   Compiling zerovec v0.11.6
   Compiling arrow-data v58.4.0
   Compiling displaydoc v0.2.6
   Compiling num-complex v0.4.6
   Compiling bitflags v2.11.1
   Compiling pin-project-lite v0.2.17
   Compiling ryu v1.0.23
   Compiling getrandom v0.4.2
   Compiling thiserror v2.0.20
   Compiling tinystr v0.8.3
   Compiling thiserror-impl v2.0.20
   Compiling arrow-array v58.4.0
   Compiling lexical-util v1.0.7
   Compiling writeable v0.6.3
   Compiling futures-sink v0.3.34
   Compiling futures-core v0.3.34
   Compiling litemap v0.8.2
   Compiling regex-syntax v0.8.10
   Compiling icu_locale_core v2.2.0
   Compiling arrow-select v58.4.0
   Compiling zerotrie v0.2.4
   Compiling potential_utf v0.1.5
   Compiling indexmap v2.14.0
   Compiling zstd-safe v7.2.4
   Compiling icu_normalizer_data v2.2.0
   Compiling icu_properties_data v2.2.0
   Compiling log v0.4.30
   Compiling utf8_iter v1.0.4
   Compiling parking_lot_core v0.9.12
   Compiling icu_collections v2.2.0
   Compiling icu_provider v2.2.0
   Compiling scopeguard v1.2.0
   Compiling semver v1.0.28
   Compiling rustc_version v0.4.1
   Compiling lock_api v0.4.14
   Compiling futures-channel v0.3.34
   Compiling lexical-parse-integer v1.0.6
   Compiling lexical-write-integer v1.0.6
   Compiling futures-macro v0.3.34
   Compiling aho-corasick v1.1.4
   Compiling base64 v0.22.1
   Compiling futures-io v0.3.34
   Compiling futures-task v0.3.34
   Compiling slab v0.4.12
   Compiling futures-util v0.3.34
   Compiling regex-automata v0.4.14
   Compiling lexical-write-float v1.0.6
   Compiling lexical-parse-float v1.0.6
   Compiling icu_properties v2.2.0
   Compiling icu_normalizer v2.2.0
   Compiling flatbuffers v25.12.19
   Compiling errno v0.3.14
   Compiling sha1_smol v1.0.1
   Compiling twox-hash v2.1.2
   Compiling unicode-width v0.2.2
   Compiling byteorder v1.5.0
   Compiling percent-encoding v2.3.2
   Compiling unicode-segmentation v1.13.2
   Compiling comfy-table v7.2.2
   Compiling lz4_flex v0.13.1
   Compiling uuid v1.26.1
   Compiling signal-hook-registry v1.4.8
   Compiling idna_adapter v1.2.2
   Compiling lexical-core v1.0.6
   Compiling regex v1.12.3
   Compiling parking_lot v0.12.5
   Compiling arrow-ord v58.4.0
   Compiling async-trait v0.1.92
   Compiling tokio-macros v2.7.0
   Compiling zstd v0.13.3
   Compiling atoi v2.0.0
   Compiling mio v1.2.0
   Compiling socket2 v0.6.3
   Compiling crc32fast v1.5.0
   Compiling either v1.16.0
   Compiling typenum v1.20.1
   Compiling tokio v1.53.1
   Compiling arrow-cast v58.4.0
   Compiling idna v1.1.0
   Compiling form_urlencoded v1.2.2
   Compiling http v1.4.1
   Compiling csv-core v0.1.13
   Compiling object v0.37.3
   Compiling simdutf8 v0.1.5
   Compiling csv v1.4.0
   Compiling url v2.5.8
   Compiling arrow-ipc v58.4.0
   Compiling itertools v0.14.0
   Compiling adler2 v2.0.1
   Compiling simd-adler32 v0.3.9
   Compiling miniz_oxide v0.8.9
   Compiling arrow-csv v58.4.0
   Compiling arrow-json v58.4.0
   Compiling arrow-string v58.4.0
   Compiling arrow-row v58.4.0
   Compiling arrow-arith v58.4.0
   Compiling zlib-rs v0.6.3
   Compiling alloc-no-stdlib v2.0.4
   Compiling alloc-stdlib v0.2.2
   Compiling flate2 v1.1.9
   Compiling arrow v58.4.0
   Compiling ar_archive_writer v0.5.1
   Compiling futures-executor v0.3.34
   Compiling tracing-attributes v0.1.31
   Compiling tracing-core v0.1.36
   Compiling num_cpus v1.17.0
   Compiling paste v1.0.15
   Compiling snap v1.1.1
   Compiling same-file v1.0.6
   Compiling walkdir v2.5.0
   Compiling threadpool v1.8.1
   Compiling tracing v0.1.44
   Compiling futures v0.3.34
   Compiling psm v0.1.31
   Compiling brotli-decompressor v5.0.1
   Compiling ordered-float v2.10.1
   Compiling integer-encoding v3.0.4
   Compiling humantime v2.3.0
   Compiling brotli v8.0.3
   Compiling object_store v0.13.2
   Compiling thrift v0.17.0
   Compiling hybrid-array v0.4.14
   Compiling stacker v0.1.24
   Compiling seq-macro v0.3.6
   Compiling parquet v58.4.0
   Compiling block-buffer v0.12.1
   Compiling crypto-common v0.2.2
   Compiling recursive-proc-macro-impl v0.1.1
   Compiling const-oid v0.10.2
   Compiling digest v0.11.3
   Compiling recursive v0.1.1
   Compiling sqlparser_derive v0.5.0
   Compiling cpufeatures v0.3.0
   Compiling sqlparser v0.62.0
   Compiling rustix v1.1.4
   Compiling crossbeam-utils v0.8.21
   Compiling sha2 v0.11.0
   Compiling pin-project-internal v1.1.13
   Compiling linux-raw-sys v0.12.1
   Compiling pin-project v1.1.13
   Compiling generic-array v0.14.7
   Compiling fastrand v2.4.1
   Compiling datafusion-doc v54.1.0
   Compiling subtle v2.6.1
   Compiling foldhash v0.1.5
   Compiling hashbrown v0.15.5
   Compiling tempfile v3.27.0
   Compiling ppv-lite86 v0.2.21
   Compiling rand_core v0.9.5
   Compiling fixedbitset v0.5.7
   Compiling rand_chacha v0.9.0
   Compiling petgraph v0.8.3
   Compiling hashbrown v0.14.5
   Compiling dashmap v6.2.1
   Compiling datafusion-macros v54.1.0
   Compiling rand v0.9.4
   Compiling crypto-common v0.1.7
   Compiling block-buffer v0.10.4
   Compiling blake3 v1.8.5
   Compiling digest v0.10.7
   Compiling arrayvec v0.7.6
   Compiling arrayref v0.3.9
   Compiling constant_time_eq v0.4.2
   Compiling blake2 v0.10.6
   Compiling md-5 v0.11.0
   Compiling hex v0.4.3
   Compiling liblzma-sys v0.4.6
   Compiling libbz2-rs-sys v0.2.5
   Compiling datafusion-common v54.1.0
   Compiling datafusion-expr-common v54.1.0
   Compiling datafusion-physical-expr-common v54.1.0
   Compiling datafusion-functions-aggregate-common v54.1.0
   Compiling datafusion-functions-window-common v54.1.0
   Compiling datafusion-expr v54.1.0
   Compiling datafusion-physical-expr v54.1.0
   Compiling datafusion-execution v54.1.0
   Compiling datafusion-functions v54.1.0
   Compiling liblzma v0.4.6
   Compiling bzip2 v0.6.1
   Compiling datafusion-common-runtime v54.1.0
   Compiling compression-core v0.4.32
   Compiling compression-codecs v0.4.38
   Compiling datafusion-physical-plan v54.1.0
   Compiling tokio-util v0.7.18
   Compiling datafusion-session v54.1.0
   Compiling async-compression v0.4.42
   Compiling datafusion-physical-expr-adapter v54.1.0
   Compiling glob v0.3.3
   Compiling datafusion-datasource v54.1.0
   Compiling unsafe-libyaml v0.2.11
   Compiling serde_yaml_ng v0.9.36
   Compiling graphforge-core v0.5.2 (/home/ubuntu/gf-ladder-src-f80f69fe02612fa789d1b4df21606d2ff79aac50/crates/graphforge-core)
   Compiling tinyvec_macros v0.1.1
   Compiling tinyvec v1.12.0
   Compiling bigdecimal v0.4.10
   Compiling ring v0.17.14
   Compiling unicode-normalization v0.1.25
   Compiling datafusion-pruning v54.1.0
   Compiling datafusion-catalog v54.1.0
   Compiling datafusion-functions-aggregate v54.1.0
   Compiling crunchy v0.2.4
   Compiling zeroize v1.9.0
   Compiling rustls-pki-types v1.15.0
   Compiling graphforge-value v0.5.2 (/home/ubuntu/gf-ladder-src-f80f69fe02612fa789d1b4df21606d2ff79aac50/crates/graphforge-value)
   Compiling datafusion-functions-nested v54.1.0
   Compiling graphforge-ast v0.5.2 (/home/ubuntu/gf-ladder-src-f80f69fe02612fa789d1b4df21606d2ff79aac50/crates/graphforge-ast)
   Compiling tokio-stream v0.1.18
   Compiling deranged v0.5.8
   Compiling getrandom v0.2.17
   Compiling num-conv v0.2.2
   Compiling powerfmt v0.2.0
   Compiling rustversion v1.0.22
   Compiling httparse v1.10.1
   Compiling time-core v0.1.9
   Compiling ident_case v1.0.1
   Compiling strsim v0.11.1
   Compiling untrusted v0.9.0
   Compiling darling_core v0.23.0
   Compiling time v0.3.54
   Compiling datafusion-sql v54.1.0
   Compiling datafusion-catalog-listing v54.1.0
   Compiling datafusion-functions-table v54.1.0
   Compiling datafusion-datasource-json v54.1.0
   Compiling graphforge-ontology v0.5.2 (/home/ubuntu/gf-ladder-src-f80f69fe02612fa789d1b4df21606d2ff79aac50/crates/graphforge-ontology)
   Compiling datafusion-physical-optimizer v54.1.0
   Compiling datafusion-datasource-parquet v54.1.0
   Compiling datafusion-datasource-csv v54.1.0
   Compiling datafusion-datasource-arrow v54.1.0
   Compiling datafusion-optimizer v54.1.0
   Compiling datafusion-functions-window v54.1.0
   Compiling crossbeam-epoch v0.9.18
   Compiling ownedbytes v0.9.0
   Compiling typeid v1.0.3
   Compiling prettyplease v0.2.37
   Compiling rustix v0.38.44
   Compiling rustls v0.23.42
   Compiling zstd-safe v8.0.0
   Compiling rayon-core v1.13.0
   Compiling tantivy-common v0.11.0
   Compiling crossbeam-deque v0.8.6
   Compiling datafusion v54.1.0
   Compiling bitpacking v0.9.3
   Compiling graphforge-ir v0.5.2 (/home/ubuntu/gf-ladder-src-f80f69fe02612fa789d1b4df21606d2ff79aac50/crates/graphforge-ir)
   Compiling darling_macro v0.23.0
   Compiling rustls-webpki v0.103.13
   Compiling utf8-ranges v1.0.5
   Compiling linux-raw-sys v0.4.15
   Compiling base64 v0.23.1
   Compiling erased-serde v0.4.10
   Compiling ureq-proto v0.6.3
   Compiling tantivy-fst v0.5.0
   Compiling darling v0.23.0
   Compiling tantivy-bitpacker v0.10.0
   Compiling webpki-roots v1.0.9
   Compiling fs4 v1.1.0
   Compiling typetag v0.2.23
   Compiling murmurhash32 v0.3.1
   Compiling utf8-zero v0.8.1
   Compiling minimal-lexical v0.2.1
   Compiling nom v7.1.3
   Compiling ureq v3.4.1
   Compiling tantivy-stacker v0.7.0
   Compiling graphforge-filesystem v0.5.2 (/home/ubuntu/gf-ladder-src-f80f69fe02612fa789d1b4df21606d2ff79aac50/crates/graphforge-filesystem)
   Compiling zstd v0.14.0
   Compiling bon-macros v3.9.3
   Compiling rayon v1.12.0
   Compiling tantivy-sstable v0.7.0
   Compiling atomicwrites v0.4.4
   Compiling typetag-impl v0.2.23
   Compiling hashbrown v0.16.1
   Compiling ordered-float v5.3.0
   Compiling sysinfo v0.39.6
   Compiling anyhow v1.0.104
   Compiling fnv v1.0.7
   Compiling utf8parse v0.2.2
   Compiling downcast-rs v2.0.2
   Compiling fastdivide v0.4.2
   Compiling inventory v0.3.24
   Compiling tantivy-columnar v0.7.0
   Compiling anstyle-parse v1.0.0
   Compiling tantivy-query-grammar v0.26.0
   Compiling lru v0.16.4
   Compiling bon v3.9.3
   Compiling arc-swap v1.9.2
   Compiling fs4 v0.13.1
   Compiling crossbeam-channel v0.5.16
   Compiling measure_time v0.9.0
   Compiling tantivy-tokenizer-api v0.7.0
   Compiling sketches-ddsketch v0.4.0
   Compiling memmap2 v0.9.11
   Compiling levenshtein_automata v0.2.1
   Compiling oneshot v0.1.13
   Compiling colorchoice v1.0.5
   Compiling anstyle v1.0.14
   Compiling rustc-hash v2.1.2
   Compiling is_terminal_polyfill v1.70.2
   Compiling datasketches v0.2.0
   Compiling htmlescape v0.3.1
   Compiling anstyle-query v1.1.5
   Compiling census v0.4.2
   Compiling tantivy v0.26.2
   Compiling anstream v1.0.0
   Compiling heck v0.5.0
   Compiling graphforge-plan v0.5.2 (/home/ubuntu/gf-ladder-src-f80f69fe02612fa789d1b4df21606d2ff79aac50/crates/graphforge-plan)
   Compiling graphforge-storage v0.5.2 (/home/ubuntu/gf-ladder-src-f80f69fe02612fa789d1b4df21606d2ff79aac50/crates/graphforge-storage)
   Compiling graphforge-rel v0.5.2 (/home/ubuntu/gf-ladder-src-f80f69fe02612fa789d1b4df21606d2ff79aac50/crates/graphforge-rel)
   Compiling clap_lex v1.1.0
   Compiling clap_builder v4.6.6
   Compiling graphforge-exec v0.5.2 (/home/ubuntu/gf-ladder-src-f80f69fe02612fa789d1b4df21606d2ff79aac50/crates/graphforge-exec)
   Compiling graphforge-search v0.5.2 (/home/ubuntu/gf-ladder-src-f80f69fe02612fa789d1b4df21606d2ff79aac50/crates/graphforge-search)
   Compiling clap_derive v4.6.4
   Compiling graphforge-portable-oci v0.5.2 (/home/ubuntu/gf-ladder-src-f80f69fe02612fa789d1b4df21606d2ff79aac50/crates/graphforge-portable-oci)
   Compiling graphforge-observability v0.5.2 (/home/ubuntu/gf-ladder-src-f80f69fe02612fa789d1b4df21606d2ff79aac50/crates/graphforge-observability)
   Compiling graphforge-cypher v0.5.2 (/home/ubuntu/gf-ladder-src-f80f69fe02612fa789d1b4df21606d2ff79aac50/crates/graphforge-cypher)
   Compiling graphforge-knowledge v0.5.2 (/home/ubuntu/gf-ladder-src-f80f69fe02612fa789d1b4df21606d2ff79aac50/crates/graphforge-knowledge)
   Compiling graphforge-provenance v0.5.2 (/home/ubuntu/gf-ladder-src-f80f69fe02612fa789d1b4df21606d2ff79aac50/crates/graphforge-provenance)
   Compiling graphforge-io v0.5.2 (/home/ubuntu/gf-ladder-src-f80f69fe02612fa789d1b4df21606d2ff79aac50/crates/graphforge-io)
   Compiling graphforge-discovery v0.5.2 (/home/ubuntu/gf-ladder-src-f80f69fe02612fa789d1b4df21606d2ff79aac50/crates/graphforge-discovery)
   Compiling graphforge-cli v0.5.2 (/home/ubuntu/gf-ladder-src-f80f69fe02612fa789d1b4df21606d2ff79aac50/crates/graphforge-cli)
   Compiling graphforge-api v0.5.2 (/home/ubuntu/gf-ladder-src-f80f69fe02612fa789d1b4df21606d2ff79aac50/crates/graphforge-api)
   Compiling clap v4.6.6
    Finished `release` profile [optimized] target(s) in 10m 26s
CARGO_TARGET_DIR="/home/ubuntu/gf-ladder-target-f80f69fe02612fa789d1b4df21606d2ff79aac50" cargo build --locked --release --manifest-path Cargo.toml --bin graphforge-benchmark-certify --bin graphforge-benchmark-graph500-generator
warning: /home/ubuntu/gf-ladder-src-f80f69fe02612fa789d1b4df21606d2ff79aac50/crates/graphforge-filesystem/Cargo.toml: only one of `license` or `license-file` is necessary
`license` should be used if the package license can be expressed with a standard SPDX expression.
`license-file` should be used if the package uses a non-standard license.
See https://doc.rust-lang.org/cargo/reference/manifest.html#the-license-and-license-file-fields for more information.
warning: /home/ubuntu/gf-ladder-src-f80f69fe02612fa789d1b4df21606d2ff79aac50/crates/graphforge-api/Cargo.toml: only one of `license` or `license-file` is necessary
`license` should be used if the package license can be expressed with a standard SPDX expression.
`license-file` should be used if the package uses a non-standard license.
See https://doc.rust-lang.org/cargo/reference/manifest.html#the-license-and-license-file-fields for more information.
warning: /home/ubuntu/gf-ladder-src-f80f69fe02612fa789d1b4df21606d2ff79aac50/crates/graphforge-storage/Cargo.toml: only one of `license` or `license-file` is necessary
`license` should be used if the package license can be expressed with a standard SPDX expression.
`license-file` should be used if the package uses a non-standard license.
See https://doc.rust-lang.org/cargo/reference/manifest.html#the-license-and-license-file-fields for more information.
   Compiling proc-macro2 v1.0.107
   Compiling quote v1.0.47
   Compiling find-msvc-tools v0.1.11
   Compiling jobserver v0.1.35
   Compiling memchr v2.8.3
   Compiling cc v1.4.4
   Compiling zerocopy v0.8.56
   Compiling pkg-config v0.3.34
   Compiling syn v2.0.119
   Compiling syn v3.0.4
   Compiling zmij v1.0.23
   Compiling num-integer v0.1.47
   Compiling num-bigint v0.4.8
   Compiling serde_json v1.0.151
   Compiling synstructure v0.13.2
   Compiling zerocopy-derive v0.8.56
   Compiling zerofrom-derive v0.1.7
   Compiling yoke-derive v0.8.2
   Compiling arrow-schema v58.4.0
   Compiling zerofrom v0.1.8
   Compiling yoke v0.8.3
   Compiling zstd-sys v2.1.0+zstd.1.5.7
   Compiling smallvec v1.15.2
   Compiling zerovec-derive v0.11.6
   Compiling zerovec v0.11.8
   Compiling displaydoc v0.2.7
   Compiling bitflags v2.13.1
   Compiling parking_lot_core v0.9.12
   Compiling tinystr v0.8.4
   Compiling litemap v0.8.3
   Compiling writeable v0.6.4
   Compiling icu_locale_core v2.3.0
   Compiling half v2.7.1
   Compiling arrow-buffer v58.4.0
   Compiling ahash v0.8.12
   Compiling arrow-data v58.4.0
   Compiling arrow-array v58.4.0
   Compiling zerotrie v0.2.5
   Compiling potential_utf v0.1.6
   Compiling serde_derive v1.0.229
   Compiling arrow-select v58.4.0
   Compiling icu_properties_data v2.3.0
   Compiling icu_normalizer_data v2.3.0
   Compiling icu_collections v2.3.0
   Compiling serde v1.0.229
   Compiling icu_provider v2.3.1
   Compiling parking_lot v0.12.5
   Compiling tokio-macros v2.7.2
   Compiling indexmap v2.14.1
   Compiling socket2 v0.6.5
   Compiling mio v1.2.2
   Compiling tokio v1.53.1
   Compiling futures-macro v0.3.34
   Compiling thiserror-impl v2.0.20
   Compiling aho-corasick v1.1.5
   Compiling object v0.39.1
   Compiling regex-syntax v0.8.11
   Compiling unicode-segmentation v1.13.3
   Compiling crc32fast v1.5.1
   Compiling futures-util v0.3.34
   Compiling comfy-table v7.2.2
   Compiling regex-automata v0.4.18
   Compiling thiserror v2.0.20
   Compiling icu_normalizer v2.3.0
   Compiling zstd-safe v7.2.4
   Compiling zstd v0.13.3
   Compiling icu_properties v2.3.0
   Compiling arrow-ord v58.4.0
   Compiling getrandom v0.4.3
   Compiling simd-adler32 v0.3.10
   Compiling twox-hash v2.1.4
   Compiling lz4_flex v0.13.1
   Compiling miniz_oxide v0.9.1
   Compiling arrow-cast v58.4.0
   Compiling idna_adapter v1.2.2
   Compiling regex v1.13.1
   Compiling flatbuffers v25.12.19
   Compiling csv-core v0.1.13
   Compiling zlib-rs v0.6.7
   Compiling log v0.4.34
   Compiling alloc-stdlib v0.2.4
   Compiling ar_archive_writer v0.5.3
   Compiling csv v1.4.0
   Compiling arrow-ipc v58.4.0
   Compiling flate2 v1.1.10
   Compiling idna v1.1.0
   Compiling futures-executor v0.3.34
   Compiling tracing-attributes v0.1.31
   Compiling either v1.18.0
   Compiling snap v1.1.2
   Compiling uuid v1.26.1
   Compiling itertools v0.14.0
   Compiling tracing v0.1.44
   Compiling futures v0.3.34
   Compiling url v2.5.8
   Compiling arrow-csv v58.4.0
   Compiling psm v0.1.32
   Compiling brotli-decompressor v5.0.3
   Compiling arrow-json v58.4.0
   Compiling arrow-string v58.4.0
   Compiling arrow-arith v58.4.0
   Compiling arrow-row v58.4.0
   Compiling async-trait v0.1.92
   Compiling http v1.5.0
   Compiling humantime v2.4.0
   Compiling object_store v0.13.2
   Compiling thrift v0.17.0
   Compiling arrow v58.3.0
   Compiling brotli v8.0.4
   Compiling stacker v0.1.25
   Compiling parquet v58.3.0
   Compiling recursive-proc-macro-impl v0.1.1
   Compiling recursive v0.1.1
   Compiling sqlparser_derive v0.5.0
   Compiling sqlparser v0.62.0
   Compiling pin-project-internal v1.1.13
   Compiling rustix v1.1.4
   Compiling pin-project v1.1.13
   Compiling cpufeatures v0.3.1
   Compiling sha2 v0.11.0
   Compiling crossbeam-utils v0.8.22
   Compiling ppv-lite86 v0.2.21
   Compiling fastrand v2.5.0
   Compiling petgraph v0.8.3
   Compiling tempfile v3.27.0
   Compiling rand_chacha v0.9.0
   Compiling dashmap v6.2.1
   Compiling datafusion-macros v54.1.0
   Compiling rand v0.9.5
   Compiling blake3 v1.8.7
   Compiling arrayvec v0.7.8
   Compiling liblzma-sys v0.4.8
   Compiling datafusion-common-runtime v54.1.0
   Compiling tokio-util v0.7.19
   Compiling glob v0.3.4
   Compiling serde_yaml_ng v0.9.36
   Compiling graphforge-core v0.5.2 (/home/ubuntu/gf-ladder-src-f80f69fe02612fa789d1b4df21606d2ff79aac50/crates/graphforge-core)
   Compiling datafusion-common v54.1.0
   Compiling datafusion-expr-common v54.1.0
   Compiling datafusion-physical-expr-common v54.1.0
   Compiling datafusion-functions-aggregate-common v54.1.0
   Compiling datafusion-functions-window-common v54.1.0
   Compiling datafusion-expr v54.1.0
   Compiling liblzma v0.4.8
   Compiling compression-codecs v0.4.38
   Compiling datafusion-physical-expr v54.1.0
   Compiling datafusion-execution v54.1.0
   Compiling datafusion-functions v54.1.0
   Compiling datafusion-physical-plan v54.1.0
   Compiling datafusion-session v54.1.0
   Compiling datafusion-physical-expr-adapter v54.1.0
   Compiling async-compression v0.4.43
   Compiling datafusion-datasource v54.1.0
   Compiling datafusion-pruning v54.1.0
   Compiling datafusion-catalog v54.1.0
   Compiling datafusion-functions-aggregate v54.1.0
   Compiling zstd-safe v8.0.0
   Compiling datafusion-functions-nested v54.1.0
   Compiling bigdecimal v0.4.10
   Compiling graphforge-value v0.5.2 (/home/ubuntu/gf-ladder-src-f80f69fe02612fa789d1b4df21606d2ff79aac50/crates/graphforge-value)
   Compiling tokio-stream v0.1.19
   Compiling fs4 v1.1.0
   Compiling rustix v0.38.44
   Compiling graphforge-filesystem v0.5.2 (/home/ubuntu/gf-ladder-src-f80f69fe02612fa789d1b4df21606d2ff79aac50/crates/graphforge-filesystem)
   Compiling datafusion-datasource-json v54.1.0
   Compiling graphforge-ontology v0.5.2 (/home/ubuntu/gf-ladder-src-f80f69fe02612fa789d1b4df21606d2ff79aac50/crates/graphforge-ontology)
   Compiling datafusion-catalog-listing v54.1.0
   Compiling datafusion-functions-table v54.1.0
   Compiling datafusion-sql v54.1.0
   Compiling datafusion-physical-optimizer v54.1.0
   Compiling datafusion-datasource-parquet v54.1.0
   Compiling datafusion-datasource-arrow v54.1.0
   Compiling datafusion-datasource-csv v54.1.0
   Compiling datafusion-functions-window v54.1.0
   Compiling datafusion-optimizer v54.1.0
   Compiling graphforge-ast v0.5.2 (/home/ubuntu/gf-ladder-src-f80f69fe02612fa789d1b4df21606d2ff79aac50/crates/graphforge-ast)
   Compiling graphforge-ir v0.5.2 (/home/ubuntu/gf-ladder-src-f80f69fe02612fa789d1b4df21606d2ff79aac50/crates/graphforge-ir)
   Compiling datafusion v54.1.0
   Compiling zstd v0.14.0
   Compiling atomicwrites v0.4.4
   Compiling graphforge-benchmark-graph500-generator v0.0.0 (/home/ubuntu/gf-ladder-src-f80f69fe02612fa789d1b4df21606d2ff79aac50/benchmarks/runners/graph500-generator)
   Compiling graphforge-storage v0.5.2 (/home/ubuntu/gf-ladder-src-f80f69fe02612fa789d1b4df21606d2ff79aac50/crates/graphforge-storage)
   Compiling graphforge-benchmark-certify v0.0.0 (/home/ubuntu/gf-ladder-src-f80f69fe02612fa789d1b4df21606d2ff79aac50/benchmarks/runners/certify)
    Finished `release` profile [optimized] target(s) in 7m 58s
OK gf d9b7b84f65139e99
OK graphforge-benchmark-certify c033dd13191ffb12
OK graphforge-benchmark-graph500-generator a4fa2c5dbc0495a6
=== admission dry run 2026-09-17T22:00:53Z
uv sync --locked
Using CPython 3.12.13
Creating virtual environment at: .venv
Resolved 24 packages in 0.63ms
Installed 23 packages in 13ms
 + archspec==0.2.6
 + argcomplete==3.7.2
 + attrs==26.1.0
 + benchexec==3.35
 + certifi==2026.7.22
 + charset-normalizer==3.5.1
 + clustershell==1.10.1
 + fasteners==0.20
 + idna==3.19
 + jinja2==3.1.6
 + jsonschema==4.26.0
 + jsonschema-specifications==2025.9.1
 + lxml==6.1.2
 + markupsafe==3.0.3
 + pyyaml==6.0.3
 + referencing==0.37.0
 + reframe-hpc==4.10.3
 + requests==2.34.2
 + rpds-py==2026.6.3
 + semver==3.0.4
 + tabulate==0.10.0
 + typing-extensions==4.16.0
 + urllib3==2.7.0
test -n "/home/ubuntu/graphforge-ladder/clean-f80f69fe-evidence" && test -n "/home/ubuntu/graphforge-ladder/clean-f80f69fe-work"
PYTHONPATH=/home/ubuntu/gf-ladder-src-f80f69fe02612fa789d1b4df21606d2ff79aac50/benchmarks/harness uv run --locked python -m graphforge_bench.progressive_host_run \
	--maximum-scale "22" --output-dir "/home/ubuntu/graphforge-ladder/clean-f80f69fe-evidence" --work-root "/home/ubuntu/graphforge-ladder/clean-f80f69fe-work" --gf "/home/ubuntu/gf-ladder-target-f80f69fe02612fa789d1b4df21606d2ff79aac50/release/gf" --certify "/home/ubuntu/gf-ladder-target-f80f69fe02612fa789d1b4df21606d2ff79aac50/release/graphforge-benchmark-certify" --generator "/home/ubuntu/gf-ladder-target-f80f69fe02612fa789d1b4df21606d2ff79aac50/release/graphforge-benchmark-graph500-generator" --benchexec-python "/usr/bin/python3" --reserved-headroom-bytes "91361616692" --dry-run
{"maximum_scale": 22, "plans": [{"claim": "engineering_evidence_only", "execution": "native_linux_benchexec_host", "identities": {"benchexec_python_sha256": "52e0a13e60a981d8c4b6478be2ba5176f69da07948a056bf49cf6f077e30cb41", "benchexec_version": "3.35", "certify_sha256": "c033dd13191ffb120a8f11a2f8e3944459abfd432ed19ade5ab9ab71c4cb973d", "commit": "f80f69fe02612fa789d1b4df21606d2ff79aac50", "generator": "sha256:a7cd8397ce191c48094d8812eb43dfc894084645dd439e76fb8704b35bb61fdc", "generator_executable_sha256": "a4fa2c5dbc0495a6d8b5cdbd4dc3d3101e642b1e60694828c4621ce0183d9e59", "gf_sha256": "d9b7b84f65139e996f8e309d89a67d839e42728bae8b91bc572f0ba7e114fcd2", "host_profile_id": "local-linux-cgroups-v2", "host_profile_sha256": "21cbcd01a0896ad8ed9d4aae1ab933cb143d41636fdf66297ead9bb89c3681bf", "producer_sha256": "b829817bafb192a7d4f3470f3c68996651c99e5579a0c366d968f13bdd9f0240", "profile_id": "graph500-s18-local", "profile_sha256": "afe7bd59a9afca076d877580352457710b26d79bc16cd38ae999af864f31cd96"}, "limits": {"cores": 16, "memory_bytes": 4294967296, "wall_seconds": 14400}, "outputs": ["s18-plan.json", "s18-benchexec.json", "s18-graphforge.json", "s18-rung.json", "s18-result.json"], "rung": "S18", "schema": "graphforge-progressive-host-run-plan/1", "work_root_capacity": {"free_bytes": 606719078400, "reserved_headroom_bytes": 91361616692}}]}
=== LADDER START 2026-09-17T22:00:53Z
uv sync --locked
Resolved 24 packages in 0.69ms
Audited 23 packages in 0.20ms
CARGO_TARGET_DIR="/home/ubuntu/gf-ladder-target-f80f69fe02612fa789d1b4df21606d2ff79aac50" cargo build --locked --release --manifest-path ../Cargo.toml -p graphforge-cli
warning: /home/ubuntu/gf-ladder-src-f80f69fe02612fa789d1b4df21606d2ff79aac50/crates/graphforge-rel/Cargo.toml: only one of `license` or `license-file` is necessary
`license` should be used if the package license can be expressed with a standard SPDX expression.
`license-file` should be used if the package uses a non-standard license.
See https://doc.rust-lang.org/cargo/reference/manifest.html#the-license-and-license-file-fields for more information.
warning: /home/ubuntu/gf-ladder-src-f80f69fe02612fa789d1b4df21606d2ff79aac50/crates/graphforge-ontology/Cargo.toml: only one of `license` or `license-file` is necessary
`license` should be used if the package license can be expressed with a standard SPDX expression.
`license-file` should be used if the package uses a non-standard license.
See https://doc.rust-lang.org/cargo/reference/manifest.html#the-license-and-license-file-fields for more information.
warning: /home/ubuntu/gf-ladder-src-f80f69fe02612fa789d1b4df21606d2ff79aac50/crates/graphforge-discovery/Cargo.toml: only one of `license` or `license-file` is necessary
`license` should be used if the package license can be expressed with a standard SPDX expression.
`license-file` should be used if the package uses a non-standard license.
See https://doc.rust-lang.org/cargo/reference/manifest.html#the-license-and-license-file-fields for more information.
warning: /home/ubuntu/gf-ladder-src-f80f69fe02612fa789d1b4df21606d2ff79aac50/crates/graphforge-bindings-py/Cargo.toml: only one of `license` or `license-file` is necessary
`license` should be used if the package license can be expressed with a standard SPDX expression.
`license-file` should be used if the package uses a non-standard license.
See https://doc.rust-lang.org/cargo/reference/manifest.html#the-license-and-license-file-fields for more information.
warning: /home/ubuntu/gf-ladder-src-f80f69fe02612fa789d1b4df21606d2ff79aac50/crates/graphforge-filesystem/Cargo.toml: only one of `license` or `license-file` is necessary
`license` should be used if the package license can be expressed with a standard SPDX expression.
`license-file` should be used if the package uses a non-standard license.
See https://doc.rust-lang.org/cargo/reference/manifest.html#the-license-and-license-file-fields for more information.
warning: /home/ubuntu/gf-ladder-src-f80f69fe02612fa789d1b4df21606d2ff79aac50/crates/graphforge-ast/Cargo.toml: only one of `license` or `license-file` is necessary
`license` should be used if the package license can be expressed with a standard SPDX expression.
`license-file` should be used if the package uses a non-standard license.
See https://doc.rust-lang.org/cargo/reference/manifest.html#the-license-and-license-file-fields for more information.
warning: /home/ubuntu/gf-ladder-src-f80f69fe02612fa789d1b4df21606d2ff79aac50/crates/graphforge-api/Cargo.toml: only one of `license` or `license-file` is necessary
`license` should be used if the package license can be expressed with a standard SPDX expression.
`license-file` should be used if the package uses a non-standard license.
See https://doc.rust-lang.org/cargo/reference/manifest.html#the-license-and-license-file-fields for more information.
warning: /home/ubuntu/gf-ladder-src-f80f69fe02612fa789d1b4df21606d2ff79aac50/crates/graphforge-cli/Cargo.toml: only one of `license` or `license-file` is necessary
`license` should be used if the package license can be expressed with a standard SPDX expression.
`license-file` should be used if the package uses a non-standard license.
See https://doc.rust-lang.org/cargo/reference/manifest.html#the-license-and-license-file-fields for more information.
warning: /home/ubuntu/gf-ladder-src-f80f69fe02612fa789d1b4df21606d2ff79aac50/crates/graphforge-value/Cargo.toml: only one of `license` or `license-file` is necessary
`license` should be used if the package license can be expressed with a standard SPDX expression.
`license-file` should be used if the package uses a non-standard license.
See https://doc.rust-lang.org/cargo/reference/manifest.html#the-license-and-license-file-fields for more information.
warning: /home/ubuntu/gf-ladder-src-f80f69fe02612fa789d1b4df21606d2ff79aac50/crates/graphforge-ir/Cargo.toml: only one of `license` or `license-file` is necessary
`license` should be used if the package license can be expressed with a standard SPDX expression.
`license-file` should be used if the package uses a non-standard license.
See https://doc.rust-lang.org/cargo/reference/manifest.html#the-license-and-license-file-fields for more information.
warning: /home/ubuntu/gf-ladder-src-f80f69fe02612fa789d1b4df21606d2ff79aac50/crates/graphforge-io/Cargo.toml: only one of `license` or `license-file` is necessary
`license` should be used if the package license can be expressed with a standard SPDX expression.
`license-file` should be used if the package uses a non-standard license.
See https://doc.rust-lang.org/cargo/reference/manifest.html#the-license-and-license-file-fields for more information.
warning: /home/ubuntu/gf-ladder-src-f80f69fe02612fa789d1b4df21606d2ff79aac50/crates/graphforge-knowledge/Cargo.toml: only one of `license` or `license-file` is necessary
`license` should be used if the package license can be expressed with a standard SPDX expression.
`license-file` should be used if the package uses a non-standard license.
See https://doc.rust-lang.org/cargo/reference/manifest.html#the-license-and-license-file-fields for more information.
warning: /home/ubuntu/gf-ladder-src-f80f69fe02612fa789d1b4df21606d2ff79aac50/crates/graphforge-observability/Cargo.toml: only one of `license` or `license-file` is necessary
`license` should be used if the package license can be expressed with a standard SPDX expression.
`license-file` should be used if the package uses a non-standard license.
See https://doc.rust-lang.org/cargo/reference/manifest.html#the-license-and-license-file-fields for more information.
warning: /home/ubuntu/gf-ladder-src-f80f69fe02612fa789d1b4df21606d2ff79aac50/crates/graphforge-bindings-node/Cargo.toml: only one of `license` or `license-file` is necessary
`license` should be used if the package license can be expressed with a standard SPDX expression.
`license-file` should be used if the package uses a non-standard license.
See https://doc.rust-lang.org/cargo/reference/manifest.html#the-license-and-license-file-fields for more information.
warning: /home/ubuntu/gf-ladder-src-f80f69fe02612fa789d1b4df21606d2ff79aac50/crates/graphforge-exec/Cargo.toml: only one of `license` or `license-file` is necessary
`license` should be used if the package license can be expressed with a standard SPDX expression.
`license-file` should be used if the package uses a non-standard license.
See https://doc.rust-lang.org/cargo/reference/manifest.html#the-license-and-license-file-fields for more information.
warning: /home/ubuntu/gf-ladder-src-f80f69fe02612fa789d1b4df21606d2ff79aac50/crates/graphforge-storage/Cargo.toml: only one of `license` or `license-file` is necessary
`license` should be used if the package license can be expressed with a standard SPDX expression.
`license-file` should be used if the package uses a non-standard license.
See https://doc.rust-lang.org/cargo/reference/manifest.html#the-license-and-license-file-fields for more information.
warning: /home/ubuntu/gf-ladder-src-f80f69fe02612fa789d1b4df21606d2ff79aac50/crates/graphforge-search/Cargo.toml: only one of `license` or `license-file` is necessary
`license` should be used if the package license can be expressed with a standard SPDX expression.
`license-file` should be used if the package uses a non-standard license.
See https://doc.rust-lang.org/cargo/reference/manifest.html#the-license-and-license-file-fields for more information.
warning: /home/ubuntu/gf-ladder-src-f80f69fe02612fa789d1b4df21606d2ff79aac50/crates/graphforge-portable-oci/Cargo.toml: only one of `license` or `license-file` is necessary
`license` should be used if the package license can be expressed with a standard SPDX expression.
`license-file` should be used if the package uses a non-standard license.
See https://doc.rust-lang.org/cargo/reference/manifest.html#the-license-and-license-file-fields for more information.
warning: /home/ubuntu/gf-ladder-src-f80f69fe02612fa789d1b4df21606d2ff79aac50/crates/graphforge-cypher/Cargo.toml: only one of `license` or `license-file` is necessary
`license` should be used if the package license can be expressed with a standard SPDX expression.
`license-file` should be used if the package uses a non-standard license.
See https://doc.rust-lang.org/cargo/reference/manifest.html#the-license-and-license-file-fields for more information.
warning: /home/ubuntu/gf-ladder-src-f80f69fe02612fa789d1b4df21606d2ff79aac50/crates/graphforge-provenance/Cargo.toml: only one of `license` or `license-file` is necessary
`license` should be used if the package license can be expressed with a standard SPDX expression.
`license-file` should be used if the package uses a non-standard license.
See https://doc.rust-lang.org/cargo/reference/manifest.html#the-license-and-license-file-fields for more information.
warning: /home/ubuntu/gf-ladder-src-f80f69fe02612fa789d1b4df21606d2ff79aac50/crates/graphforge-plan/Cargo.toml: only one of `license` or `license-file` is necessary
`license` should be used if the package license can be expressed with a standard SPDX expression.
`license-file` should be used if the package uses a non-standard license.
See https://doc.rust-lang.org/cargo/reference/manifest.html#the-license-and-license-file-fields for more information.
warning: /home/ubuntu/gf-ladder-src-f80f69fe02612fa789d1b4df21606d2ff79aac50/crates/graphforge-core/Cargo.toml: only one of `license` or `license-file` is necessary
`license` should be used if the package license can be expressed with a standard SPDX expression.
`license-file` should be used if the package uses a non-standard license.
See https://doc.rust-lang.org/cargo/reference/manifest.html#the-license-and-license-file-fields for more information.
    Finished `release` profile [optimized] target(s) in 0.21s
CARGO_TARGET_DIR="/home/ubuntu/gf-ladder-target-f80f69fe02612fa789d1b4df21606d2ff79aac50" cargo build --locked --release --manifest-path Cargo.toml --bin graphforge-benchmark-certify --bin graphforge-benchmark-graph500-generator
warning: /home/ubuntu/gf-ladder-src-f80f69fe02612fa789d1b4df21606d2ff79aac50/crates/graphforge-storage/Cargo.toml: only one of `license` or `license-file` is necessary
`license` should be used if the package license can be expressed with a standard SPDX expression.
`license-file` should be used if the package uses a non-standard license.
See https://doc.rust-lang.org/cargo/reference/manifest.html#the-license-and-license-file-fields for more information.
warning: /home/ubuntu/gf-ladder-src-f80f69fe02612fa789d1b4df21606d2ff79aac50/crates/graphforge-filesystem/Cargo.toml: only one of `license` or `license-file` is necessary
`license` should be used if the package license can be expressed with a standard SPDX expression.
`license-file` should be used if the package uses a non-standard license.
See https://doc.rust-lang.org/cargo/reference/manifest.html#the-license-and-license-file-fields for more information.
warning: /home/ubuntu/gf-ladder-src-f80f69fe02612fa789d1b4df21606d2ff79aac50/crates/graphforge-api/Cargo.toml: only one of `license` or `license-file` is necessary
`license` should be used if the package license can be expressed with a standard SPDX expression.
`license-file` should be used if the package uses a non-standard license.
See https://doc.rust-lang.org/cargo/reference/manifest.html#the-license-and-license-file-fields for more information.
    Finished `release` profile [optimized] target(s) in 0.17s
test -n "/home/ubuntu/graphforge-ladder/clean-f80f69fe-evidence" && test -n "/home/ubuntu/graphforge-ladder/clean-f80f69fe-work"
PYTHONPATH=/home/ubuntu/gf-ladder-src-f80f69fe02612fa789d1b4df21606d2ff79aac50/benchmarks/harness uv run --locked python -m graphforge_bench.progressive_host_run \
	--maximum-scale "22" --output-dir "/home/ubuntu/graphforge-ladder/clean-f80f69fe-evidence" --work-root "/home/ubuntu/graphforge-ladder/clean-f80f69fe-work" --gf "/home/ubuntu/gf-ladder-target-f80f69fe02612fa789d1b4df21606d2ff79aac50/release/gf" --certify "/home/ubuntu/gf-ladder-target-f80f69fe02612fa789d1b4df21606d2ff79aac50/release/graphforge-benchmark-certify" --generator "/home/ubuntu/gf-ladder-target-f80f69fe02612fa789d1b4df21606d2ff79aac50/release/graphforge-benchmark-graph500-generator" --benchexec-python "/usr/bin/python3" --reserved-headroom-bytes "91361616692"
WARNING:root:Home directory in container should be /home/benchexec but this directory cannot be created due to directory mode of parent directory. It is recommended to use '--overlay-dir /home' or '--hidden-dir /home' and overwrite directory modes for subdirectories where necessary.
2026-09-17 22:00:57,612 - WARNING - No propertyfile specified. Score computation will ignore the results.
2026-09-17 22:00:57,643 - INFO - Unable to find pqos_wrapper, please install it for cache allocation and monitoring if your CPU supports Intel RDT (cf. https://gitlab.com/sosy-lab/software/pqos-wrapper).

executing run set 'graphforge-progressive-qualification-v1.profile'     (1 file)
22:00:57   profile.json            2026-09-17 22:00:57,654 - WARNING - Home directory in container should be /home/benchexec but this directory cannot be created due to directory mode of parent directory. It is recommended to use '--overlay-dir /home' or '--hidden-dir /home' and overwrite directory modes for subdirectories where necessary.
DONE                        58.52   68.63

Statistics:              1 Files
  correct:               0
    correct true:        0
    correct false:       0
  incorrect:             0
    incorrect true:      0
    incorrect false:     0
  unknown:               1

In order to get HTML and CSV tables, run
table-generator /home/ubuntu/graphforge-ladder/clean-f80f69fe-work/.gf-host-authority-k39543hv/gf-host-progressive-z8x9tre1/raw/benchmark.2026-09-17_22-00-57.results.graphforge-progressive-qualification-v1.profile.xml
WARNING:root:Home directory in container should be /home/benchexec but this directory cannot be created due to directory mode of parent directory. It is recommended to use '--overlay-dir /home' or '--hidden-dir /home' and overwrite directory modes for subdirectories where necessary.
2026-09-17 22:02:10,031 - WARNING - No propertyfile specified. Score computation will ignore the results.
2026-09-17 22:02:10,060 - INFO - Unable to find pqos_wrapper, please install it for cache allocation and monitoring if your CPU supports Intel RDT (cf. https://gitlab.com/sosy-lab/software/pqos-wrapper).

executing run set 'graphforge-progressive-qualification-v1.profile'     (1 file)
22:02:10   profile.json            2026-09-17 22:02:10,070 - WARNING - Home directory in container should be /home/benchexec but this directory cannot be created due to directory mode of parent directory. It is recommended to use '--overlay-dir /home' or '--hidden-dir /home' and overwrite directory modes for subdirectories where necessary.
DONE                       114.36  133.14

Statistics:              1 Files
  correct:               0
    correct true:        0
    correct false:       0
  incorrect:             0
    incorrect true:      0
    incorrect false:     0
  unknown:               1

In order to get HTML and CSV tables, run
table-generator /home/ubuntu/graphforge-ladder/clean-f80f69fe-work/.gf-host-authority-b3nsdobf/gf-host-progressive-gf4ws38g/raw/benchmark.2026-09-17_22-02-09.results.graphforge-progressive-qualification-v1.profile.xml
WARNING:root:Home directory in container should be /home/benchexec but this directory cannot be created due to directory mode of parent directory. It is recommended to use '--overlay-dir /home' or '--hidden-dir /home' and overwrite directory modes for subdirectories where necessary.
2026-09-17 22:04:27,278 - WARNING - No propertyfile specified. Score computation will ignore the results.
2026-09-17 22:04:27,313 - INFO - Unable to find pqos_wrapper, please install it for cache allocation and monitoring if your CPU supports Intel RDT (cf. https://gitlab.com/sosy-lab/software/pqos-wrapper).

executing run set 'graphforge-progressive-qualification-v1.profile'     (1 file)
22:04:27   profile.json            2026-09-17 22:04:27,326 - WARNING - Home directory in container should be /home/benchexec but this directory cannot be created due to directory mode of parent directory. It is recommended to use '--overlay-dir /home' or '--hidden-dir /home' and overwrite directory modes for subdirectories where necessary.
DONE                       231.53  269.20

Statistics:              1 Files
  correct:               0
    correct true:        0
    correct false:       0
  incorrect:             0
    incorrect true:      0
    incorrect false:     0
  unknown:               1

In order to get HTML and CSV tables, run
table-generator /home/ubuntu/graphforge-ladder/clean-f80f69fe-work/.gf-host-authority-_gpkysuq/gf-host-progressive-pai0iiju/raw/benchmark.2026-09-17_22-04-27.results.graphforge-progressive-qualification-v1.profile.xml
WARNING:root:Home directory in container should be /home/benchexec but this directory cannot be created due to directory mode of parent directory. It is recommended to use '--overlay-dir /home' or '--hidden-dir /home' and overwrite directory modes for subdirectories where necessary.
2026-09-17 22:09:00,650 - WARNING - No propertyfile specified. Score computation will ignore the results.
2026-09-17 22:09:00,685 - INFO - Unable to find pqos_wrapper, please install it for cache allocation and monitoring if your CPU supports Intel RDT (cf. https://gitlab.com/sosy-lab/software/pqos-wrapper).

executing run set 'graphforge-progressive-qualification-v1.profile'     (1 file)
22:09:00   profile.json            2026-09-17 22:09:00,697 - WARNING - Home directory in container should be /home/benchexec but this directory cannot be created due to directory mode of parent directory. It is recommended to use '--overlay-dir /home' or '--hidden-dir /home' and overwrite directory modes for subdirectories where necessary.
DONE                       960.78 1087.84

Statistics:              1 Files
  correct:               0
    correct true:        0
    correct false:       0
  incorrect:             0
    incorrect true:      0
    incorrect false:     0
  unknown:               1

In order to get HTML and CSV tables, run
table-generator /home/ubuntu/graphforge-ladder/clean-f80f69fe-work/.gf-host-authority-pwrsur_k/gf-host-progressive-vihwc0g5/raw/benchmark.2026-09-17_22-09-00.results.graphforge-progressive-qualification-v1.profile.xml
=== LADDER EXIT 0 2026-09-17T22:27:09Z
=== rung results
S18 passed 
S19 passed 
S20 passed 
S22 passed 
=== ingest throughput
S18:    4,194,304 edges  ingest     41.5s     101,175 edges/s  cores 0.85
S19:    8,388,608 edges  ingest     79.6s     105,415 edges/s  cores 0.86
S20:   16,777,216 edges  ingest    158.6s     105,802 edges/s  cores 0.86
S22:   67,108,864 edges  ingest    642.9s     104,390 edges/s  cores 0.88
