---
source: crates/gf-ir/tests/golden.rs
---
{
  "ir_version": {
    "major": 0,
    "minor": 3,
    "patch": 0
  },
  "dialect": "openCypher",
  "ontology_version": "v1:b1beadfb8bdd6dcbae7c4dbe879ad203f53e7568e219f8f26ec3c60a489e1d33",
  "ontology_mode": "advisory",
  "feature_flags": [],
  "ops": [
    {
      "NodeScan": {
        "var": 0,
        "ty": 1
      }
    },
    {
      "Optional": {
        "child": {
          "ir_version": {
            "major": 0,
            "minor": 3,
            "patch": 0
          },
          "dialect": "openCypher",
          "ontology_version": null,
          "ontology_mode": "advisory",
          "feature_flags": [],
          "ops": [
            {
              "NodeScan": {
                "var": 0,
                "ty": null
              }
            },
            {
              "Expand": {
                "src": 0,
                "edge": 1,
                "dst": 2,
                "rel_ty": 2,
                "dir": "Out",
                "min_hops": 1,
                "max_hops": 1
              }
            },
            {
              "NodeScan": {
                "var": 2,
                "ty": 2
              }
            }
          ],
          "exprs": {
            "nodes": []
          }
        }
      }
    },
    {
      "Project": {
        "items": [
          {
            "expr": 1,
            "alias": "a.employee_id",
            "out_var": null
          },
          {
            "expr": 3,
            "alias": "b.title",
            "out_var": null
          }
        ],
        "distinct": false
      }
    }
  ],
  "exprs": {
    "nodes": [
      {
        "VarRef": 0
      },
      {
        "PropertyAccess": {
          "base": 0,
          "prop": 0
        }
      },
      {
        "VarRef": 2
      },
      {
        "PropertyAccess": {
          "base": 2,
          "prop": 1
        }
      }
    ]
  }
}
