2026-09-27T20:00:52Z start curve-s18-c8-r1 load=0.32 2.80 6.64
2026-09-27T20:01:17Z end curve-s18-c8-r1 after=QUIET returnvalue=0
2026-09-27T20:02:26Z start curve-s18-c8-r2 load=0.35 2.18 6.04
2026-09-27T20:02:51Z end curve-s18-c8-r2 after=QUIET returnvalue=0
2026-09-27T20:04:00Z start curve-s18-c8-r3 load=0.29 1.73 5.52
2026-09-27T20:04:24Z end curve-s18-c8-r3 after=QUIET returnvalue=0
2026-09-27T20:05:33Z start ab-s18-r1-base load=0.41 1.42 5.05
2026-09-27T20:06:00Z end ab-s18-r1-base after=QUIET returnvalue=0
2026-09-27T20:07:09Z start ab-s18-r1-cand load=0.62 1.33 4.67
2026-09-27T20:07:33Z end ab-s18-r1-cand after=QUIET returnvalue=0
2026-09-27T20:08:41Z start ab-s18-r2-cand load=0.42 1.12 4.27
2026-09-27T20:09:06Z end ab-s18-r2-cand after=QUIET returnvalue=0
2026-09-27T20:10:15Z start ab-s18-r2-base load=0.60 1.10 3.98
2026-09-27T20:10:43Z end ab-s18-r2-base after=QUIET returnvalue=0
2026-09-27T20:11:52Z start ab-s18-r3-base load=0.52 1.00 3.65
2026-09-27T20:12:19Z end ab-s18-r3-base after=QUIET returnvalue=0
2026-09-27T20:13:28Z start ab-s18-r3-cand load=0.29 0.83 3.33
2026-09-27T20:13:52Z end ab-s18-r3-cand after=QUIET returnvalue=0
2026-09-27T20:15:01Z start ab-s20-r1-base load=0.56 0.87 3.11
2026-09-27T20:16:52Z end ab-s20-r1-base after=QUIET returnvalue=0
2026-09-27T20:18:31Z start ab-s20-r1-cand load=0.52 0.92 2.69
2026-09-27T20:20:07Z end ab-s20-r1-cand after=QUIET returnvalue=0
2026-09-27T20:21:46Z start ab-s20-r2-cand load=0.63 1.12 2.45
2026-09-27T20:23:20Z end ab-s20-r2-cand after=QUIET returnvalue=0
2026-09-27T20:25:00Z start ab-s20-r2-base load=0.67 1.29 2.30
2026-09-27T20:26:50Z end ab-s20-r2-base after=QUIET returnvalue=0
2026-09-27T20:28:30Z start ab-s20-r3-base load=0.52 1.23 2.09
2026-09-27T20:30:21Z end ab-s20-r3-base after=QUIET returnvalue=0
2026-09-27T20:32:01Z start ab-s20-r3-cand load=0.48 1.09 1.87
2026-09-27T20:33:39Z end ab-s20-r3-cand after=QUIET returnvalue=0
2026-09-27T20:35:18Z start curve-s18-c1-r1 load=0.57 1.08 1.74
2026-09-27T20:35:53Z end curve-s18-c1-r1 after=QUIET returnvalue=0
2026-09-27T20:37:01Z start curve-s18-c1-r2 load=0.35 0.89 1.60
2026-09-27T20:37:36Z end curve-s18-c1-r2 after=QUIET returnvalue=0
2026-09-27T20:38:45Z start curve-s18-c1-r3 load=0.34 0.78 1.49
2026-09-27T20:39:19Z end curve-s18-c1-r3 after=QUIET returnvalue=0
2026-09-27T20:40:27Z start curve-s18-c2-r1 load=0.49 0.72 1.39
2026-09-27T20:41:02Z end curve-s18-c2-r1 after=QUIET returnvalue=0
2026-09-27T20:42:11Z start curve-s18-c4-r1 load=0.27 0.62 1.28
2026-09-27T20:42:47Z end curve-s18-c4-r1 after=QUIET returnvalue=0
2026-09-27T20:43:56Z start curve-s18-c16-r1 load=0.24 0.55 1.18
2026-09-27T20:44:20Z end curve-s18-c16-r1 after=QUIET returnvalue=0
done
