---
source: crates/graphforge-rel/tests/logical_plan_golden.rs
---
Projection: array_length(var_1.rels) AS hops [hops:UInt64;N]
  Filter: array_has(var_2.type_ids, UInt32(0)) [node_uuid:FixedSizeBinary(16), node_id:UInt64, type_id:UInt32, type_ids:List(non-null UInt32), created_at:Timestamp(µs, "UTC"), updated_at:Timestamp(µs, "UTC"), node_uuid:FixedSizeBinary(16), node_id:UInt64, type_id:UInt32, type_ids:List(non-null UInt32), created_at:Timestamp(µs, "UTC"), updated_at:Timestamp(µs, "UTC"), rels:List(Struct("edge_uuid": non-null FixedSizeBinary(16), "src_uuid": non-null FixedSizeBinary(16), "dst_uuid": non-null FixedSizeBinary(16), "rel_type": Utf8));N]
    OntologyInfer: rel=IS_FRIEND_OF rule_id=symmetric:IS_FRIEND_OF [node_uuid:FixedSizeBinary(16), node_id:UInt64, type_id:UInt32, type_ids:List(non-null UInt32), created_at:Timestamp(µs, "UTC"), updated_at:Timestamp(µs, "UTC"), node_uuid:FixedSizeBinary(16), node_id:UInt64, type_id:UInt32, type_ids:List(non-null UInt32), created_at:Timestamp(µs, "UTC"), updated_at:Timestamp(µs, "UTC"), rels:List(Struct("edge_uuid": non-null FixedSizeBinary(16), "src_uuid": non-null FixedSizeBinary(16), "dst_uuid": non-null FixedSizeBinary(16), "rel_type": Utf8));N]
      VarLenExpand: rel=IS_FRIEND_OF, hops=1..3, dir=->, edge=var_1 [node_uuid:FixedSizeBinary(16), node_id:UInt64, type_id:UInt32, type_ids:List(non-null UInt32), created_at:Timestamp(µs, "UTC"), updated_at:Timestamp(µs, "UTC"), node_uuid:FixedSizeBinary(16), node_id:UInt64, type_id:UInt32, type_ids:List(non-null UInt32), created_at:Timestamp(µs, "UTC"), updated_at:Timestamp(µs, "UTC"), rels:List(Struct("edge_uuid": non-null FixedSizeBinary(16), "src_uuid": non-null FixedSizeBinary(16), "dst_uuid": non-null FixedSizeBinary(16), "rel_type": Utf8));N]
        Filter: array_has(var_0.type_ids, UInt32(0)) [node_uuid:FixedSizeBinary(16), node_id:UInt64, type_id:UInt32, type_ids:List(non-null UInt32), created_at:Timestamp(µs, "UTC"), updated_at:Timestamp(µs, "UTC")]
          TableScan: var_0 [node_uuid:FixedSizeBinary(16), node_id:UInt64, type_id:UInt32, type_ids:List(non-null UInt32), created_at:Timestamp(µs, "UTC"), updated_at:Timestamp(µs, "UTC")]
